src/communications/controllers/audience-segments.controller.ts(120,45): error TS2339: Property 'updateSegment' does not exist on type 'AudienceSegmentsService'.
src/communications/controllers/audience-segments.controller.ts(142,45): error TS2339: Property 'deleteSegment' does not exist on type 'AudienceSegmentsService'.
src/communications/controllers/audience-segments.controller.ts(169,44): error TS2551: Property 'previewSegmentMembers' does not exist on type 'AudienceSegmentsService'. Did you mean 'resolveSegmentMembers'?
src/communications/services/sender-identities.service.ts(1,16): error TS2307: Cannot find module '../database/db' or its corresponding type declarations.
src/controllers/taxes.controller.ts(25,66): error TS18046: 'error' is of type 'unknown'.
src/controllers/taxes.controller.ts(106,66): error TS18046: 'error' is of type 'unknown'.
src/controllers/universities.controller.ts(67,34): error TS18047: 'result' is possibly 'null'.
src/controllers/visa.controller.ts(26,65): error TS18046: 'error' is of type 'unknown'.
src/controllers/visa.controller.ts(107,64): error TS18046: 'error' is of type 'unknown'.
src/dtos/experts.dto.ts(4,6): error TS1240: Unable to resolve signature of property decorator when called as an expression.
  Argument of type 'undefined' is not assignable to parameter of type 'Object'.
src/dtos/experts.dto.ts(5,12): error TS2564: Property 'full_name' has no initializer and is not definitely assigned in the constructor.
src/dtos/experts.dto.ts(7,6): error TS1240: Unable to resolve signature of property decorator when called as an expression.
  Argument of type 'undefined' is not assignable to parameter of type 'Object'.
src/dtos/experts.dto.ts(8,12): error TS2564: Property 'email' has no initializer and is not definitely assigned in the constructor.
src/dtos/experts.dto.ts(10,6): error TS1240: Unable to resolve signature of property decorator when called as an expression.
  Argument of type 'undefined' is not assignable to parameter of type 'Object'.
src/dtos/experts.dto.ts(11,6): error TS1240: Unable to resolve signature of property decorator when called as an expression.
  Argument of type 'undefined' is not assignable to parameter of type 'Object'.
src/dtos/experts.dto.ts(12,12): error TS2564: Property 'phone' has no initializer and is not definitely assigned in the constructor.
src/dtos/experts.dto.ts(14,6): error TS1240: Unable to resolve signature of property decorator when called as an expression.
  Argument of type 'undefined' is not assignable to parameter of type 'Object'.
src/dtos/experts.dto.ts(15,6): error TS1240: Unable to resolve signature of property decorator when called as an expression.
  Argument of type 'undefined' is not assignable to parameter of type 'Object'.
src/dtos/experts.dto.ts(16,12): error TS2564: Property 'specialization' has no initializer and is not definitely assigned in the constructor.
src/dtos/experts.dto.ts(18,6): error TS1240: Unable to resolve signature of property decorator when called as an expression.
  Argument of type 'undefined' is not assignable to parameter of type 'Object'.
src/dtos/experts.dto.ts(19,6): error TS1240: Unable to resolve signature of property decorator when called as an expression.
  Argument of type 'undefined' is not assignable to parameter of type 'Object'.
src/dtos/experts.dto.ts(20,12): error TS2564: Property 'experience_years' has no initializer and is not definitely assigned in the constructor.
src/dtos/experts.dto.ts(22,6): error TS1240: Unable to resolve signature of property decorator when called as an expression.
  Argument of type 'undefined' is not assignable to parameter of type 'Object'.
src/dtos/experts.dto.ts(23,6): error TS1240: Unable to resolve signature of property decorator when called as an expression.
  Argument of type 'undefined' is not assignable to parameter of type 'Object'.
src/dtos/experts.dto.ts(24,12): error TS2564: Property 'rating' has no initializer and is not definitely assigned in the constructor.
src/dtos/experts.dto.ts(26,6): error TS1240: Unable to resolve signature of property decorator when called as an expression.
  Argument of type 'undefined' is not assignable to parameter of type 'Object'.
src/dtos/experts.dto.ts(27,6): error TS1240: Unable to resolve signature of property decorator when called as an expression.
  Argument of type 'undefined' is not assignable to parameter of type 'Object'.
src/dtos/experts.dto.ts(28,12): error TS2564: Property 'status' has no initializer and is not definitely assigned in the constructor.
src/dtos/experts.dto.ts(30,6): error TS1240: Unable to resolve signature of property decorator when called as an expression.
  Argument of type 'undefined' is not assignable to parameter of type 'Object'.
src/dtos/experts.dto.ts(31,6): error TS1240: Unable to resolve signature of property decorator when called as an expression.
  Argument of type 'undefined' is not assignable to parameter of type 'Object'.
src/dtos/experts.dto.ts(32,12): error TS2564: Property 'avatar_url' has no initializer and is not definitely assigned in the constructor.
src/dtos/experts.dto.ts(34,6): error TS1240: Unable to resolve signature of property decorator when called as an expression.
  Argument of type 'undefined' is not assignable to parameter of type 'Object'.
src/dtos/experts.dto.ts(35,6): error TS1240: Unable to resolve signature of property decorator when called as an expression.
  Argument of type 'undefined' is not assignable to parameter of type 'Object'.
src/dtos/experts.dto.ts(36,12): error TS2564: Property 'bio' has no initializer and is not definitely assigned in the constructor.
src/dtos/experts.dto.ts(40,6): error TS1240: Unable to resolve signature of property decorator when called as an expression.
  Argument of type 'undefined' is not assignable to parameter of type 'Object'.
src/dtos/experts.dto.ts(41,6): error TS1240: Unable to resolve signature of property decorator when called as an expression.
  Argument of type 'undefined' is not assignable to parameter of type 'Object'.
src/dtos/experts.dto.ts(42,12): error TS2564: Property 'full_name' has no initializer and is not definitely assigned in the constructor.
src/dtos/experts.dto.ts(44,6): error TS1240: Unable to resolve signature of property decorator when called as an expression.
  Argument of type 'undefined' is not assignable to parameter of type 'Object'.
src/dtos/experts.dto.ts(45,6): error TS1240: Unable to resolve signature of property decorator when called as an expression.
  Argument of type 'undefined' is not assignable to parameter of type 'Object'.
src/dtos/experts.dto.ts(46,12): error TS2564: Property 'email' has no initializer and is not definitely assigned in the constructor.
src/dtos/experts.dto.ts(48,6): error TS1240: Unable to resolve signature of property decorator when called as an expression.
  Argument of type 'undefined' is not assignable to parameter of type 'Object'.
src/dtos/experts.dto.ts(49,6): error TS1240: Unable to resolve signature of property decorator when called as an expression.
  Argument of type 'undefined' is not assignable to parameter of type 'Object'.
src/dtos/experts.dto.ts(50,12): error TS2564: Property 'phone' has no initializer and is not definitely assigned in the constructor.
src/dtos/experts.dto.ts(52,6): error TS1240: Unable to resolve signature of property decorator when called as an expression.
  Argument of type 'undefined' is not assignable to parameter of type 'Object'.
src/dtos/experts.dto.ts(53,6): error TS1240: Unable to resolve signature of property decorator when called as an expression.
  Argument of type 'undefined' is not assignable to parameter of type 'Object'.
src/dtos/experts.dto.ts(54,12): error TS2564: Property 'specialization' has no initializer and is not definitely assigned in the constructor.
src/dtos/experts.dto.ts(56,6): error TS1240: Unable to resolve signature of property decorator when called as an expression.
  Argument of type 'undefined' is not assignable to parameter of type 'Object'.
src/dtos/experts.dto.ts(57,6): error TS1240: Unable to resolve signature of property decorator when called as an expression.
  Argument of type 'undefined' is not assignable to parameter of type 'Object'.
src/dtos/experts.dto.ts(58,12): error TS2564: Property 'experience_years' has no initializer and is not definitely assigned in the constructor.
src/dtos/experts.dto.ts(60,6): error TS1240: Unable to resolve signature of property decorator when called as an expression.
  Argument of type 'undefined' is not assignable to parameter of type 'Object'.
src/dtos/experts.dto.ts(61,6): error TS1240: Unable to resolve signature of property decorator when called as an expression.
  Argument of type 'undefined' is not assignable to parameter of type 'Object'.
src/dtos/experts.dto.ts(62,12): error TS2564: Property 'rating' has no initializer and is not definitely assigned in the constructor.
src/dtos/experts.dto.ts(64,6): error TS1240: Unable to resolve signature of property decorator when called as an expression.
  Argument of type 'undefined' is not assignable to parameter of type 'Object'.
src/dtos/experts.dto.ts(65,6): error TS1240: Unable to resolve signature of property decorator when called as an expression.
  Argument of type 'undefined' is not assignable to parameter of type 'Object'.
src/dtos/experts.dto.ts(66,12): error TS2564: Property 'status' has no initializer and is not definitely assigned in the constructor.
src/dtos/experts.dto.ts(68,6): error TS1240: Unable to resolve signature of property decorator when called as an expression.
  Argument of type 'undefined' is not assignable to parameter of type 'Object'.
src/dtos/experts.dto.ts(69,6): error TS1240: Unable to resolve signature of property decorator when called as an expression.
  Argument of type 'undefined' is not assignable to parameter of type 'Object'.
src/dtos/experts.dto.ts(70,12): error TS2564: Property 'avatar_url' has no initializer and is not definitely assigned in the constructor.
src/dtos/experts.dto.ts(72,6): error TS1240: Unable to resolve signature of property decorator when called as an expression.
  Argument of type 'undefined' is not assignable to parameter of type 'Object'.
src/dtos/experts.dto.ts(73,6): error TS1240: Unable to resolve signature of property decorator when called as an expression.
  Argument of type 'undefined' is not assignable to parameter of type 'Object'.
src/dtos/experts.dto.ts(74,12): error TS2564: Property 'bio' has no initializer and is not definitely assigned in the constructor.
src/dtos/users.dto.ts(4,6): error TS1240: Unable to resolve signature of property decorator when called as an expression.
  Argument of type 'undefined' is not assignable to parameter of type 'Object'.
src/dtos/users.dto.ts(5,12): error TS2564: Property 'email' has no initializer and is not definitely assigned in the constructor.
src/dtos/users.dto.ts(7,6): error TS1240: Unable to resolve signature of property decorator when called as an expression.
  Argument of type 'undefined' is not assignable to parameter of type 'Object'.
src/dtos/users.dto.ts(8,12): error TS2564: Property 'password' has no initializer and is not definitely assigned in the constructor.
src/reporting/services/export.service.ts(26,16): error TS2352: Conversion of type 'Promise<Buffer>' to type 'Promise<Buffer<ArrayBufferLike>>' may be a mistake because neither type sufficiently overlaps with the other. If this was intentional, convert the expression to 'unknown' first.
  Type 'Buffer' is missing the following properties from type 'Buffer<ArrayBufferLike>': subarray, write, toJSON, equals, and 94 more.
src/reporting/services/scheduler.service.ts(1,18): error TS2307: Cannot find module 'node-cron' or its corresponding type declarations.
src/scripts/create-db-rds.ts(1,24): error TS7016: Could not find a declaration file for module 'pg'. 'C:/Projects/student-marketplace-backend-v2/node_modules/pg/lib/index.js' implicitly has an 'any' type.
  Try `npm i --save-dev @types/pg` if it exists or add a new declaration (.d.ts) file containing `declare module 'pg';`
src/scripts/create-db-rds.ts(41,51): error TS18046: 'err' is of type 'unknown'.
src/scripts/create-db.ts(1,24): error TS7016: Could not find a declaration file for module 'pg'. 'C:/Projects/student-marketplace-backend-v2/node_modules/pg/lib/index.js' implicitly has an 'any' type.
  Try `npm i --save-dev @types/pg` if it exists or add a new declaration (.d.ts) file containing `declare module 'pg';`
src/scripts/health-check.ts(25,7): error TS7053: Element implicitly has an 'any' type because expression of type '"Content-Length"' can't be used to index type '{ "Content-Type": string; }'.
  Property 'Content-Length' does not exist on type '{ "Content-Type": string; }'.
src/scripts/test-all-apis.ts(26,7): error TS7053: Element implicitly has an 'any' type because expression of type '"Content-Length"' can't be used to index type '{ "Content-Type": string; }'.
  Property 'Content-Length' does not exist on type '{ "Content-Type": string; }'.
src/scripts/test-creds.ts(1,24): error TS7016: Could not find a declaration file for module 'pg'. 'C:/Projects/student-marketplace-backend-v2/node_modules/pg/lib/index.js' implicitly has an 'any' type.
  Try `npm i --save-dev @types/pg` if it exists or add a new declaration (.d.ts) file containing `declare module 'pg';`
src/scripts/test-creds.ts(24,35): error TS18046: 'err' is of type 'unknown'.
src/scripts/verify-auth.ts(3,78): error TS2322: Type 'null' is not assignable to type 'string'.
